// Jest Snapshot v1, https://goo.gl/fbAQLP

exports[`RegisterContainer should be rendered properly 1`] = `
<form
  className="accountForm"
  onSubmit={[Function]}
>
  <div
    className="form-group"
  >
    <input
      className="form-control"
      id="login"
      name="login"
      onChange={[Function]}
      placeholder="Login"
      type="text"
      value={undefined}
    />
  </div>
  <div
    className="form-group"
  >
    <input
      className="form-control"
      id="password"
      name="password"
      onChange={[Function]}
      placeholder="Password"
      type="password"
      value={undefined}
    />
  </div>
  <button
    className="btn btn-primary"
    disabled={false}
    type="submit"
  >
    Register
  </button>
</form>
`;
